# serializer version: 1
# name: test_cast_aligner
  '''
  ---
  name: aligner
  description: Precision Aligner. Makes targeted code changes.
  tools: Edit, Glob, Grep, Read, Write
  model: sonnet
  ---
  # Aligner
  '''
# ---
# name: test_cast_explorer_with_bash
  '''
  ---
  name: explorer
  description: Code Explorer. Reads and analyzes source code.
  tools: Bash(bunx repomix@latest*), Bash(npx repomix@latest*), Edit, Glob, Grep, Read, WebFetch, WebSearch, Write, context7
  model: opus
  ---
  # Explorer
  
  Read-only code exploration agent.
  '''
# ---
# name: test_cast_orchestrator_with_delegates
  '''
  ---
  name: orchestrator
  description: Orchestrator. Coordinates sub-agents.
  tools: Bash(cat*), Bash(git status*), Bash(ls*), Edit, Glob, Grep, Read, Task(aligner), Task(explorer), Write
  model: opus
  ---
  # Orchestrator
  '''
# ---
